// Jest Snapshot v1, https://goo.gl/fbAQLP

exports[`renders Loading 1`] = `
<div
  class="loading"
  id="loading"
>
  <i
    class="icon icon-spin5 animate-spin"
  >
    î ¸
  </i>
</div>
`;
